GAMS 32.2.0  rc62c018 Released Aug 26, 2020 WEX-WEI x86 64bit/MS Windows - 03/10/22 12:42:15 Page 1
G e n e r a l   A l g e b r a i c   M o d e l i n g   S y s t e m
C o m p i l a t i o n


   1  set iter /iter1*iter30/;
   2  parameter profit(iter);
   3  loop(iter,
   4      profit(iter)=1;
   5      );
   6  profit('iter1')=3;
   7  scalar a;
   8  a=smin(iter, profit(iter));
   9  display a;


COMPILATION TIME     =        0.000 SECONDS      3 MB  32.2.0 rc62c018 WEX-WEI
GAMS 32.2.0  rc62c018 Released Aug 26, 2020 WEX-WEI x86 64bit/MS Windows - 03/10/22 12:42:15 Page 2
G e n e r a l   A l g e b r a i c   M o d e l i n g   S y s t e m
E x e c u t i o n


----      9 PARAMETER a                    =        1.000  


EXECUTION TIME       =        0.000 SECONDS      4 MB  32.2.0 rc62c018 WEX-WEI


USER: Small MUD - 5 User License                     S200323/0001AN-GEN
      Friedrich-Alexander-Universitaet Erlangen-Nurnberg         DC7699
      License for teaching and research at degree granting institutions


**** FILE SUMMARY

Input      C:\Users\charl\OneDrive\Dokumente\A_Uni\HiWi\ArticleSubgradient\Code\SampleRun_Environment_Solar\1500Scens\tol01\new1.gms
Output     C:\Users\charl\OneDrive\Dokumente\A_Uni\HiWi\ArticleSubgradient\Code\SampleRun_Environment_Solar\1500Scens\tol01\new1.lst
