GAMS 32.2.0  rc62c018 Released Aug 26, 2020 WEX-WEI x86 64bit/MS Windows - 11/24/21 15:37:41 Page 1
G e n e r a l   A l g e b r a i c   M o d e l i n g   S y s t e m
C o m p i l a t i o n


   1  sets i "rows" /1/;
   2  sets j "columns" /1*3/;
GDXIN   C:\Users\charl\OneDrive\Dokumente\A_Uni\HiWi\ArticleSubgradient\Code\Debugging\SolarCorrectScript\Naive.gdx
   5  *$load i=dim1
   6  *$load j=dim2
   7  parameter d(i,j) ;
--- LOAD  d = 1:d
  10  display i,j,d;
  11   
GAMS 32.2.0  rc62c018 Released Aug 26, 2020 WEX-WEI x86 64bit/MS Windows - 11/24/21 15:37:41 Page 2
G e n e r a l   A l g e b r a i c   M o d e l i n g   S y s t e m
Include File Summary


   SEQ   GLOBAL TYPE      PARENT   LOCAL  FILENAME

     1        1 INPUT          0       0  C:\Users\charl\OneDrive\Dokumente\A_Uni\HiWi\ArticleSubgradient\Code\Debugging\SolarCorrectScript\csvread.gms
     2        3 CALL           1       3  csv2gdx Naive.csv id=d index=1 values=2..lastCol useHeader=y
     3        4 GDXIN          1       4  C:\Users\charl\OneDrive\Dokumente\A_Uni\HiWi\ArticleSubgradient\Code\Debugging\SolarCorrectScript\Naive.gdx


COMPILATION TIME     =        0.062 SECONDS      3 MB  32.2.0 rc62c018 WEX-WEI
GAMS 32.2.0  rc62c018 Released Aug 26, 2020 WEX-WEI x86 64bit/MS Windows - 11/24/21 15:37:41 Page 3
G e n e r a l   A l g e b r a i c   M o d e l i n g   S y s t e m
E x e c u t i o n


----     10 SET i  rows

1


----     10 SET j  columns

1,    2,    3


----     10 PARAMETER d  

            1           2           3

1      30.000       0.560    2100.000



EXECUTION TIME       =        0.000 SECONDS      4 MB  32.2.0 rc62c018 WEX-WEI


USER: Small MUD - 5 User License                     S200323/0001AN-GEN
      Friedrich-Alexander-Universitaet Erlangen-Nurnberg         DC7699
      License for teaching and research at degree granting institutions


**** FILE SUMMARY

Input      C:\Users\charl\OneDrive\Dokumente\A_Uni\HiWi\ArticleSubgradient\Code\Debugging\SolarCorrectScript\csvread.gms
Output     C:\Users\charl\OneDrive\Dokumente\A_Uni\HiWi\ArticleSubgradient\Code\Debugging\SolarCorrectScript\csvread.lst
